-- The C compiler identification is GNU 11.4.0
-- The CXX compiler identification is GNU 11.4.0
-- Detecting C compiler ABI info
-- Detecting C compiler ABI info - done
-- Check for working C compiler: /usr/bin/cc - skipped
-- Detecting C compile features
-- Detecting C compile features - done
-- Detecting CXX compiler ABI info
-- Detecting CXX compiler ABI info - done
-- Check for working CXX compiler: /usr/bin/c++ - skipped
-- Detecting CXX compile features
-- Detecting CXX compile features - done
-- Found ament_cmake: 1.3.12 (/opt/ros/humble/share/ament_cmake/cmake)
-- Found Python3: /usr/bin/python3 (found version "3.10.12") found components: Interpreter 
-- Found rosidl_default_generators: 1.2.0 (/opt/ros/humble/share/rosidl_default_generators/cmake)
-- Using all available rosidl_typesupport_c: rosidl_typesupport_fastrtps_c;rosidl_typesupport_introspection_c
-- Found rosidl_adapter: 3.1.7 (/opt/ros/humble/share/rosidl_adapter/cmake)
-- Using all available rosidl_typesupport_cpp: rosidl_typesupport_fastrtps_cpp;rosidl_typesupport_introspection_cpp
-- Found std_msgs: 4.9.0 (/opt/ros/humble/share/std_msgs/cmake)
-- Found ament_cmake_ros: 0.10.0 (/opt/ros/humble/share/ament_cmake_ros/cmake)
-- Using all available rosidl_typesupport_c: rosidl_typesupport_fastrtps_c;rosidl_typesupport_introspection_c
-- Using all available rosidl_typesupport_cpp: rosidl_typesupport_fastrtps_cpp;rosidl_typesupport_introspection_cpp
-- Found PythonInterp: /usr/bin/python3 (found suitable version "3.10.12", minimum required is "3.6") 
-- Found python_cmake_module: 0.10.0 (/opt/ros/humble/share/python_cmake_module/cmake)
-- Found PythonLibs: /usr/lib/aarch64-linux-gnu/libpython3.10.so (found suitable version "3.10.12", minimum required is "3.5") 
-- Using PYTHON_EXECUTABLE: /usr/bin/python3
-- Using PYTHON_INCLUDE_DIRS: /usr/include/python3.10
-- Using PYTHON_LIBRARIES: /usr/lib/aarch64-linux-gnu/libpython3.10.so
-- Found PythonExtra: .so  
-- Found ament_lint_auto: 0.12.14 (/opt/ros/humble/share/ament_lint_auto/cmake)
-- Added test 'cppcheck' to perform static code analysis on C / C++ code
-- Configured cppcheck include dirs: $<BUILD_INTERFACE:/home/dxf/WHEELTEC_S300Pro_mini_ros2_robot_src_2025_9_15/src/robot_interfaces/build/robot_interfaces/rosidl_generator_c>;$<BUILD_INTERFACE:/home/dxf/WHEELTEC_S300Pro_mini_ros2_robot_src_2025_9_15/src/robot_interfaces/build/robot_interfaces/rosidl_typesupport_fastrtps_c>;$<BUILD_INTERFACE:/home/dxf/WHEELTEC_S300Pro_mini_ros2_robot_src_2025_9_15/src/robot_interfaces/build/robot_interfaces/rosidl_typesupport_introspection_c>;$<BUILD_INTERFACE:/home/dxf/WHEELTEC_S300Pro_mini_ros2_robot_src_2025_9_15/src/robot_interfaces/build/robot_interfaces/rosidl_generator_cpp>;$<BUILD_INTERFACE:/home/dxf/WHEELTEC_S300Pro_mini_ros2_robot_src_2025_9_15/src/robot_interfaces/build/robot_interfaces/rosidl_typesupport_fastrtps_cpp>;$<BUILD_INTERFACE:/home/dxf/WHEELTEC_S300Pro_mini_ros2_robot_src_2025_9_15/src/robot_interfaces/build/robot_interfaces/rosidl_typesupport_introspection_cpp>;/home/dxf/WHEELTEC_S300Pro_mini_ros2_robot_src_2025_9_15/src/robot_interfaces/build/robot_interfaces/rosidl_generator_c;/home/dxf/WHEELTEC_S300Pro_mini_ros2_robot_src_2025_9_15/src/robot_interfaces/build/robot_interfaces/rosidl_generator_py
-- Configured cppcheck exclude dirs and/or files: 
-- Added test 'flake8' to check Python code syntax and style conventions
-- Added test 'lint_cmake' to check CMake code style
-- Added test 'pep257' to check Python code against some of the docstring style conventions in PEP 257
-- Added test 'uncrustify' to check C / C++ code style
-- Configured uncrustify additional arguments: 
-- Added test 'xmllint' to check XML markup files
-- Configuring done
-- Generating done
-- Build files have been written to: /home/dxf/WHEELTEC_S300Pro_mini_ros2_robot_src_2025_9_15/src/robot_interfaces/build/robot_interfaces
[  2%] [34m[1mGenerating C code for ROS interfaces[0m
[  5%] [34m[1mGenerating C++ code for ROS interfaces[0m
[  5%] Built target ament_cmake_python_copy_robot_interfaces
running egg_info
creating robot_interfaces.egg-info
writing robot_interfaces.egg-info/PKG-INFO
writing dependency_links to robot_interfaces.egg-info/dependency_links.txt
writing top-level names to robot_interfaces.egg-info/top_level.txt
writing manifest file 'robot_interfaces.egg-info/SOURCES.txt'
reading manifest file 'robot_interfaces.egg-info/SOURCES.txt'
writing manifest file 'robot_interfaces.egg-info/SOURCES.txt'
[  5%] Built target ament_cmake_python_build_robot_interfaces_egg
[ 10%] [32mBuilding C object CMakeFiles/robot_interfaces__rosidl_generator_c.dir/rosidl_generator_c/robot_interfaces/srv/detail/set_rgb__functions.c.o[0m
[ 10%] [32mBuilding C object CMakeFiles/robot_interfaces__rosidl_generator_c.dir/rosidl_generator_c/robot_interfaces/msg/detail/supersonic__functions.c.o[0m
[ 10%] Built target robot_interfaces__cpp
[ 15%] [34m[1mGenerating C++ type support for eProsima Fast-RTPS[0m
[ 15%] [34m[1mGenerating C++ type support dispatch for ROS interfaces[0m
[ 17%] [34m[1mGenerating C++ introspection for ROS interfaces[0m
[ 20%] [32m[1mLinking C shared library librobot_interfaces__rosidl_generator_c.so[0m
[ 20%] Built target robot_interfaces__rosidl_generator_c
[ 23%] [34m[1mGenerating C type support for eProsima Fast-RTPS[0m
[ 25%] [34m[1mGenerating C type support dispatch for ROS interfaces[0m
[ 28%] [34m[1mGenerating C introspection for ROS interfaces[0m
[ 30%] [32mBuilding CXX object CMakeFiles/robot_interfaces__rosidl_typesupport_cpp.dir/rosidl_typesupport_cpp/robot_interfaces/msg/supersonic__type_support.cpp.o[0m
[ 33%] [32mBuilding CXX object CMakeFiles/robot_interfaces__rosidl_typesupport_fastrtps_cpp.dir/rosidl_typesupport_fastrtps_cpp/robot_interfaces/msg/detail/dds_fastrtps/supersonic__type_support.cpp.o[0m
[ 35%] [32mBuilding CXX object CMakeFiles/robot_interfaces__rosidl_typesupport_introspection_cpp.dir/rosidl_typesupport_introspection_cpp/robot_interfaces/msg/detail/supersonic__type_support.cpp.o[0m
[ 38%] [32mBuilding CXX object CMakeFiles/robot_interfaces__rosidl_typesupport_c.dir/rosidl_typesupport_c/robot_interfaces/msg/supersonic__type_support.cpp.o[0m
[ 41%] [32mBuilding C object CMakeFiles/robot_interfaces__rosidl_typesupport_introspection_c.dir/rosidl_typesupport_introspection_c/robot_interfaces/msg/detail/supersonic__type_support.c.o[0m
[ 43%] [32mBuilding CXX object CMakeFiles/robot_interfaces__rosidl_typesupport_fastrtps_c.dir/rosidl_typesupport_fastrtps_c/robot_interfaces/msg/detail/supersonic__type_support_c.cpp.o[0m
[ 46%] [32mBuilding CXX object CMakeFiles/robot_interfaces__rosidl_typesupport_c.dir/rosidl_typesupport_c/robot_interfaces/srv/set_rgb__type_support.cpp.o[0m
[ 48%] [32mBuilding C object CMakeFiles/robot_interfaces__rosidl_typesupport_introspection_c.dir/rosidl_typesupport_introspection_c/robot_interfaces/srv/detail/set_rgb__type_support.c.o[0m
[ 51%] [32m[1mLinking CXX shared library librobot_interfaces__rosidl_typesupport_c.so[0m
[ 53%] [32m[1mLinking C shared library librobot_interfaces__rosidl_typesupport_introspection_c.so[0m
[ 53%] Built target robot_interfaces__rosidl_typesupport_introspection_c
[ 53%] Built target robot_interfaces__rosidl_typesupport_c
[ 56%] [32mBuilding CXX object CMakeFiles/robot_interfaces__rosidl_typesupport_fastrtps_c.dir/rosidl_typesupport_fastrtps_c/robot_interfaces/srv/detail/set_rgb__type_support_c.cpp.o[0m
[ 58%] [32mBuilding CXX object CMakeFiles/robot_interfaces__rosidl_typesupport_introspection_cpp.dir/rosidl_typesupport_introspection_cpp/robot_interfaces/srv/detail/set_rgb__type_support.cpp.o[0m
[ 61%] [32mBuilding CXX object CMakeFiles/robot_interfaces__rosidl_typesupport_cpp.dir/rosidl_typesupport_cpp/robot_interfaces/srv/set_rgb__type_support.cpp.o[0m
[ 64%] [32mBuilding CXX object CMakeFiles/robot_interfaces__rosidl_typesupport_fastrtps_cpp.dir/rosidl_typesupport_fastrtps_cpp/robot_interfaces/srv/detail/dds_fastrtps/set_rgb__type_support.cpp.o[0m
[ 66%] [32m[1mLinking CXX shared library librobot_interfaces__rosidl_typesupport_cpp.so[0m
[ 66%] Built target robot_interfaces__rosidl_typesupport_cpp
[ 69%] [32m[1mLinking CXX shared library librobot_interfaces__rosidl_typesupport_fastrtps_c.so[0m
[ 71%] [32m[1mLinking CXX shared library librobot_interfaces__rosidl_typesupport_introspection_cpp.so[0m
[ 71%] Built target robot_interfaces__rosidl_typesupport_fastrtps_c
[ 71%] Built target robot_interfaces__rosidl_typesupport_introspection_cpp
[ 74%] [32m[1mLinking CXX shared library librobot_interfaces__rosidl_typesupport_fastrtps_cpp.so[0m
[ 74%] Built target robot_interfaces__rosidl_typesupport_fastrtps_cpp
[ 74%] Built target robot_interfaces
[ 76%] [34m[1mGenerating Python code for ROS interfaces[0m
[ 76%] Built target robot_interfaces__py
[ 82%] [32mBuilding C object CMakeFiles/robot_interfaces__rosidl_generator_py.dir/rosidl_generator_py/robot_interfaces/msg/_supersonic_s.c.o[0m
[ 82%] [32mBuilding C object CMakeFiles/robot_interfaces__rosidl_generator_py.dir/rosidl_generator_py/robot_interfaces/srv/_set_rgb_s.c.o[0m
[ 84%] [32m[1mLinking C shared library rosidl_generator_py/robot_interfaces/librobot_interfaces__rosidl_generator_py.so[0m
[ 84%] Built target robot_interfaces__rosidl_generator_py
[ 89%] [32mBuilding C object CMakeFiles/robot_interfaces__rosidl_typesupport_fastrtps_c__pyext.dir/rosidl_generator_py/robot_interfaces/_robot_interfaces_s.ep.rosidl_typesupport_fastrtps_c.c.o[0m
[ 89%] [32mBuilding C object CMakeFiles/robot_interfaces__rosidl_typesupport_introspection_c__pyext.dir/rosidl_generator_py/robot_interfaces/_robot_interfaces_s.ep.rosidl_typesupport_introspection_c.c.o[0m
[ 92%] [32mBuilding C object CMakeFiles/robot_interfaces__rosidl_typesupport_c__pyext.dir/rosidl_generator_py/robot_interfaces/_robot_interfaces_s.ep.rosidl_typesupport_c.c.o[0m
[ 97%] [32m[1mLinking C shared library rosidl_generator_py/robot_interfaces/robot_interfaces_s__rosidl_typesupport_c.cpython-310-aarch64-linux-gnu.so[0m
[ 97%] [32m[1mLinking C shared library rosidl_generator_py/robot_interfaces/robot_interfaces_s__rosidl_typesupport_introspection_c.cpython-310-aarch64-linux-gnu.so[0m
[100%] [32m[1mLinking C shared library rosidl_generator_py/robot_interfaces/robot_interfaces_s__rosidl_typesupport_fastrtps_c.cpython-310-aarch64-linux-gnu.so[0m
[100%] Built target robot_interfaces__rosidl_typesupport_c__pyext
[100%] Built target robot_interfaces__rosidl_typesupport_fastrtps_c__pyext
[100%] Built target robot_interfaces__rosidl_typesupport_introspection_c__pyext
-- Install configuration: ""
-- Installing: /home/dxf/WHEELTEC_S300Pro_mini_ros2_robot_src_2025_9_15/src/robot_interfaces/install/robot_interfaces/share/ament_index/resource_index/rosidl_interfaces/robot_interfaces
-- Installing: /home/dxf/WHEELTEC_S300Pro_mini_ros2_robot_src_2025_9_15/src/robot_interfaces/install/robot_interfaces/include/robot_interfaces/robot_interfaces
-- Installing: /home/dxf/WHEELTEC_S300Pro_mini_ros2_robot_src_2025_9_15/src/robot_interfaces/install/robot_interfaces/include/robot_interfaces/robot_interfaces/msg
-- Installing: /home/dxf/WHEELTEC_S300Pro_mini_ros2_robot_src_2025_9_15/src/robot_interfaces/install/robot_interfaces/include/robot_interfaces/robot_interfaces/msg/supersonic.h
-- Installing: /home/dxf/WHEELTEC_S300Pro_mini_ros2_robot_src_2025_9_15/src/robot_interfaces/install/robot_interfaces/include/robot_interfaces/robot_interfaces/msg/rosidl_generator_c__visibility_control.h
-- Installing: /home/dxf/WHEELTEC_S300Pro_mini_ros2_robot_src_2025_9_15/src/robot_interfaces/install/robot_interfaces/include/robot_interfaces/robot_interfaces/msg/detail
-- Installing: /home/dxf/WHEELTEC_S300Pro_mini_ros2_robot_src_2025_9_15/src/robot_interfaces/install/robot_interfaces/include/robot_interfaces/robot_interfaces/msg/detail/supersonic__functions.h
-- Installing: /home/dxf/WHEELTEC_S300Pro_mini_ros2_robot_src_2025_9_15/src/robot_interfaces/install/robot_interfaces/include/robot_interfaces/robot_interfaces/msg/detail/supersonic__functions.c
-- Installing: /home/dxf/WHEELTEC_S300Pro_mini_ros2_robot_src_2025_9_15/src/robot_interfaces/install/robot_interfaces/include/robot_interfaces/robot_interfaces/msg/detail/supersonic__type_support.h
-- Installing: /home/dxf/WHEELTEC_S300Pro_mini_ros2_robot_src_2025_9_15/src/robot_interfaces/install/robot_interfaces/include/robot_interfaces/robot_interfaces/msg/detail/supersonic__struct.h
-- Installing: /home/dxf/WHEELTEC_S300Pro_mini_ros2_robot_src_2025_9_15/src/robot_interfaces/install/robot_interfaces/include/robot_interfaces/robot_interfaces/srv
-- Installing: /home/dxf/WHEELTEC_S300Pro_mini_ros2_robot_src_2025_9_15/src/robot_interfaces/install/robot_interfaces/include/robot_interfaces/robot_interfaces/srv/detail
-- Installing: /home/dxf/WHEELTEC_S300Pro_mini_ros2_robot_src_2025_9_15/src/robot_interfaces/install/robot_interfaces/include/robot_interfaces/robot_interfaces/srv/detail/set_rgb__struct.h
-- Installing: /home/dxf/WHEELTEC_S300Pro_mini_ros2_robot_src_2025_9_15/src/robot_interfaces/install/robot_interfaces/include/robot_interfaces/robot_interfaces/srv/detail/set_rgb__functions.h
-- Installing: /home/dxf/WHEELTEC_S300Pro_mini_ros2_robot_src_2025_9_15/src/robot_interfaces/install/robot_interfaces/include/robot_interfaces/robot_interfaces/srv/detail/set_rgb__functions.c
-- Installing: /home/dxf/WHEELTEC_S300Pro_mini_ros2_robot_src_2025_9_15/src/robot_interfaces/install/robot_interfaces/include/robot_interfaces/robot_interfaces/srv/detail/set_rgb__type_support.h
-- Installing: /home/dxf/WHEELTEC_S300Pro_mini_ros2_robot_src_2025_9_15/src/robot_interfaces/install/robot_interfaces/include/robot_interfaces/robot_interfaces/srv/set_rgb.h
-- Installing: /home/dxf/WHEELTEC_S300Pro_mini_ros2_robot_src_2025_9_15/src/robot_interfaces/install/robot_interfaces/share/robot_interfaces/environment/library_path.sh
-- Installing: /home/dxf/WHEELTEC_S300Pro_mini_ros2_robot_src_2025_9_15/src/robot_interfaces/install/robot_interfaces/share/robot_interfaces/environment/library_path.dsv
-- Installing: /home/dxf/WHEELTEC_S300Pro_mini_ros2_robot_src_2025_9_15/src/robot_interfaces/install/robot_interfaces/lib/librobot_interfaces__rosidl_generator_c.so
-- Set runtime path of "/home/dxf/WHEELTEC_S300Pro_mini_ros2_robot_src_2025_9_15/src/robot_interfaces/install/robot_interfaces/lib/librobot_interfaces__rosidl_generator_c.so" to ""
-- Up-to-date: /home/dxf/WHEELTEC_S300Pro_mini_ros2_robot_src_2025_9_15/src/robot_interfaces/install/robot_interfaces/include/robot_interfaces/robot_interfaces
-- Up-to-date: /home/dxf/WHEELTEC_S300Pro_mini_ros2_robot_src_2025_9_15/src/robot_interfaces/install/robot_interfaces/include/robot_interfaces/robot_interfaces/msg
-- Installing: /home/dxf/WHEELTEC_S300Pro_mini_ros2_robot_src_2025_9_15/src/robot_interfaces/install/robot_interfaces/include/robot_interfaces/robot_interfaces/msg/rosidl_typesupport_fastrtps_c__visibility_control.h
-- Up-to-date: /home/dxf/WHEELTEC_S300Pro_mini_ros2_robot_src_2025_9_15/src/robot_interfaces/install/robot_interfaces/include/robot_interfaces/robot_interfaces/msg/detail
-- Installing: /home/dxf/WHEELTEC_S300Pro_mini_ros2_robot_src_2025_9_15/src/robot_interfaces/install/robot_interfaces/include/robot_interfaces/robot_interfaces/msg/detail/supersonic__rosidl_typesupport_fastrtps_c.h
-- Up-to-date: /home/dxf/WHEELTEC_S300Pro_mini_ros2_robot_src_2025_9_15/src/robot_interfaces/install/robot_interfaces/include/robot_interfaces/robot_interfaces/srv
-- Up-to-date: /home/dxf/WHEELTEC_S300Pro_mini_ros2_robot_src_2025_9_15/src/robot_interfaces/install/robot_interfaces/include/robot_interfaces/robot_interfaces/srv/detail
-- Installing: /home/dxf/WHEELTEC_S300Pro_mini_ros2_robot_src_2025_9_15/src/robot_interfaces/install/robot_interfaces/include/robot_interfaces/robot_interfaces/srv/detail/set_rgb__rosidl_typesupport_fastrtps_c.h
-- Installing: /home/dxf/WHEELTEC_S300Pro_mini_ros2_robot_src_2025_9_15/src/robot_interfaces/install/robot_interfaces/lib/librobot_interfaces__rosidl_typesupport_fastrtps_c.so
-- Set runtime path of "/home/dxf/WHEELTEC_S300Pro_mini_ros2_robot_src_2025_9_15/src/robot_interfaces/install/robot_interfaces/lib/librobot_interfaces__rosidl_typesupport_fastrtps_c.so" to ""
-- Up-to-date: /home/dxf/WHEELTEC_S300Pro_mini_ros2_robot_src_2025_9_15/src/robot_interfaces/install/robot_interfaces/include/robot_interfaces/robot_interfaces
-- Up-to-date: /home/dxf/WHEELTEC_S300Pro_mini_ros2_robot_src_2025_9_15/src/robot_interfaces/install/robot_interfaces/include/robot_interfaces/robot_interfaces/msg
-- Up-to-date: /home/dxf/WHEELTEC_S300Pro_mini_ros2_robot_src_2025_9_15/src/robot_interfaces/install/robot_interfaces/include/robot_interfaces/robot_interfaces/msg/detail
-- Installing: /home/dxf/WHEELTEC_S300Pro_mini_ros2_robot_src_2025_9_15/src/robot_interfaces/install/robot_interfaces/include/robot_interfaces/robot_interfaces/msg/detail/supersonic__type_support.c
-- Installing: /home/dxf/WHEELTEC_S300Pro_mini_ros2_robot_src_2025_9_15/src/robot_interfaces/install/robot_interfaces/include/robot_interfaces/robot_interfaces/msg/detail/supersonic__rosidl_typesupport_introspection_c.h
-- Installing: /home/dxf/WHEELTEC_S300Pro_mini_ros2_robot_src_2025_9_15/src/robot_interfaces/install/robot_interfaces/include/robot_interfaces/robot_interfaces/msg/rosidl_typesupport_introspection_c__visibility_control.h
-- Up-to-date: /home/dxf/WHEELTEC_S300Pro_mini_ros2_robot_src_2025_9_15/src/robot_interfaces/install/robot_interfaces/include/robot_interfaces/robot_interfaces/srv
-- Up-to-date: /home/dxf/WHEELTEC_S300Pro_mini_ros2_robot_src_2025_9_15/src/robot_interfaces/install/robot_interfaces/include/robot_interfaces/robot_interfaces/srv/detail
-- Installing: /home/dxf/WHEELTEC_S300Pro_mini_ros2_robot_src_2025_9_15/src/robot_interfaces/install/robot_interfaces/include/robot_interfaces/robot_interfaces/srv/detail/set_rgb__type_support.c
-- Installing: /home/dxf/WHEELTEC_S300Pro_mini_ros2_robot_src_2025_9_15/src/robot_interfaces/install/robot_interfaces/include/robot_interfaces/robot_interfaces/srv/detail/set_rgb__rosidl_typesupport_introspection_c.h
-- Installing: /home/dxf/WHEELTEC_S300Pro_mini_ros2_robot_src_2025_9_15/src/robot_interfaces/install/robot_interfaces/lib/librobot_interfaces__rosidl_typesupport_introspection_c.so
-- Set runtime path of "/home/dxf/WHEELTEC_S300Pro_mini_ros2_robot_src_2025_9_15/src/robot_interfaces/install/robot_interfaces/lib/librobot_interfaces__rosidl_typesupport_introspection_c.so" to ""
-- Installing: /home/dxf/WHEELTEC_S300Pro_mini_ros2_robot_src_2025_9_15/src/robot_interfaces/install/robot_interfaces/lib/librobot_interfaces__rosidl_typesupport_c.so
-- Set runtime path of "/home/dxf/WHEELTEC_S300Pro_mini_ros2_robot_src_2025_9_15/src/robot_interfaces/install/robot_interfaces/lib/librobot_interfaces__rosidl_typesupport_c.so" to ""
-- Up-to-date: /home/dxf/WHEELTEC_S300Pro_mini_ros2_robot_src_2025_9_15/src/robot_interfaces/install/robot_interfaces/include/robot_interfaces/robot_interfaces
-- Up-to-date: /home/dxf/WHEELTEC_S300Pro_mini_ros2_robot_src_2025_9_15/src/robot_interfaces/install/robot_interfaces/include/robot_interfaces/robot_interfaces/msg
-- Installing: /home/dxf/WHEELTEC_S300Pro_mini_ros2_robot_src_2025_9_15/src/robot_interfaces/install/robot_interfaces/include/robot_interfaces/robot_interfaces/msg/rosidl_generator_cpp__visibility_control.hpp
-- Installing: /home/dxf/WHEELTEC_S300Pro_mini_ros2_robot_src_2025_9_15/src/robot_interfaces/install/robot_interfaces/include/robot_interfaces/robot_interfaces/msg/supersonic.hpp
-- Up-to-date: /home/dxf/WHEELTEC_S300Pro_mini_ros2_robot_src_2025_9_15/src/robot_interfaces/install/robot_interfaces/include/robot_interfaces/robot_interfaces/msg/detail
-- Installing: /home/dxf/WHEELTEC_S300Pro_mini_ros2_robot_src_2025_9_15/src/robot_interfaces/install/robot_interfaces/include/robot_interfaces/robot_interfaces/msg/detail/supersonic__builder.hpp
-- Installing: /home/dxf/WHEELTEC_S300Pro_mini_ros2_robot_src_2025_9_15/src/robot_interfaces/install/robot_interfaces/include/robot_interfaces/robot_interfaces/msg/detail/supersonic__struct.hpp
-- Installing: /home/dxf/WHEELTEC_S300Pro_mini_ros2_robot_src_2025_9_15/src/robot_interfaces/install/robot_interfaces/include/robot_interfaces/robot_interfaces/msg/detail/supersonic__type_support.hpp
-- Installing: /home/dxf/WHEELTEC_S300Pro_mini_ros2_robot_src_2025_9_15/src/robot_interfaces/install/robot_interfaces/include/robot_interfaces/robot_interfaces/msg/detail/supersonic__traits.hpp
-- Up-to-date: /home/dxf/WHEELTEC_S300Pro_mini_ros2_robot_src_2025_9_15/src/robot_interfaces/install/robot_interfaces/include/robot_interfaces/robot_interfaces/srv
-- Up-to-date: /home/dxf/WHEELTEC_S300Pro_mini_ros2_robot_src_2025_9_15/src/robot_interfaces/install/robot_interfaces/include/robot_interfaces/robot_interfaces/srv/detail
-- Installing: /home/dxf/WHEELTEC_S300Pro_mini_ros2_robot_src_2025_9_15/src/robot_interfaces/install/robot_interfaces/include/robot_interfaces/robot_interfaces/srv/detail/set_rgb__builder.hpp
-- Installing: /home/dxf/WHEELTEC_S300Pro_mini_ros2_robot_src_2025_9_15/src/robot_interfaces/install/robot_interfaces/include/robot_interfaces/robot_interfaces/srv/detail/set_rgb__struct.hpp
-- Installing: /home/dxf/WHEELTEC_S300Pro_mini_ros2_robot_src_2025_9_15/src/robot_interfaces/install/robot_interfaces/include/robot_interfaces/robot_interfaces/srv/detail/set_rgb__type_support.hpp
-- Installing: /home/dxf/WHEELTEC_S300Pro_mini_ros2_robot_src_2025_9_15/src/robot_interfaces/install/robot_interfaces/include/robot_interfaces/robot_interfaces/srv/detail/set_rgb__traits.hpp
-- Installing: /home/dxf/WHEELTEC_S300Pro_mini_ros2_robot_src_2025_9_15/src/robot_interfaces/install/robot_interfaces/include/robot_interfaces/robot_interfaces/srv/set_rgb.hpp
-- Up-to-date: /home/dxf/WHEELTEC_S300Pro_mini_ros2_robot_src_2025_9_15/src/robot_interfaces/install/robot_interfaces/include/robot_interfaces/robot_interfaces
-- Up-to-date: /home/dxf/WHEELTEC_S300Pro_mini_ros2_robot_src_2025_9_15/src/robot_interfaces/install/robot_interfaces/include/robot_interfaces/robot_interfaces/msg
-- Installing: /home/dxf/WHEELTEC_S300Pro_mini_ros2_robot_src_2025_9_15/src/robot_interfaces/install/robot_interfaces/include/robot_interfaces/robot_interfaces/msg/rosidl_typesupport_fastrtps_cpp__visibility_control.h
-- Up-to-date: /home/dxf/WHEELTEC_S300Pro_mini_ros2_robot_src_2025_9_15/src/robot_interfaces/install/robot_interfaces/include/robot_interfaces/robot_interfaces/msg/detail
-- Installing: /home/dxf/WHEELTEC_S300Pro_mini_ros2_robot_src_2025_9_15/src/robot_interfaces/install/robot_interfaces/include/robot_interfaces/robot_interfaces/msg/detail/dds_fastrtps
-- Installing: /home/dxf/WHEELTEC_S300Pro_mini_ros2_robot_src_2025_9_15/src/robot_interfaces/install/robot_interfaces/include/robot_interfaces/robot_interfaces/msg/detail/supersonic__rosidl_typesupport_fastrtps_cpp.hpp
-- Up-to-date: /home/dxf/WHEELTEC_S300Pro_mini_ros2_robot_src_2025_9_15/src/robot_interfaces/install/robot_interfaces/include/robot_interfaces/robot_interfaces/srv
-- Up-to-date: /home/dxf/WHEELTEC_S300Pro_mini_ros2_robot_src_2025_9_15/src/robot_interfaces/install/robot_interfaces/include/robot_interfaces/robot_interfaces/srv/detail
-- Installing: /home/dxf/WHEELTEC_S300Pro_mini_ros2_robot_src_2025_9_15/src/robot_interfaces/install/robot_interfaces/include/robot_interfaces/robot_interfaces/srv/detail/dds_fastrtps
-- Installing: /home/dxf/WHEELTEC_S300Pro_mini_ros2_robot_src_2025_9_15/src/robot_interfaces/install/robot_interfaces/include/robot_interfaces/robot_interfaces/srv/detail/set_rgb__rosidl_typesupport_fastrtps_cpp.hpp
-- Installing: /home/dxf/WHEELTEC_S300Pro_mini_ros2_robot_src_2025_9_15/src/robot_interfaces/install/robot_interfaces/lib/librobot_interfaces__rosidl_typesupport_fastrtps_cpp.so
-- Set runtime path of "/home/dxf/WHEELTEC_S300Pro_mini_ros2_robot_src_2025_9_15/src/robot_interfaces/install/robot_interfaces/lib/librobot_interfaces__rosidl_typesupport_fastrtps_cpp.so" to ""
-- Up-to-date: /home/dxf/WHEELTEC_S300Pro_mini_ros2_robot_src_2025_9_15/src/robot_interfaces/install/robot_interfaces/include/robot_interfaces/robot_interfaces
-- Up-to-date: /home/dxf/WHEELTEC_S300Pro_mini_ros2_robot_src_2025_9_15/src/robot_interfaces/install/robot_interfaces/include/robot_interfaces/robot_interfaces/msg
-- Up-to-date: /home/dxf/WHEELTEC_S300Pro_mini_ros2_robot_src_2025_9_15/src/robot_interfaces/install/robot_interfaces/include/robot_interfaces/robot_interfaces/msg/detail
-- Installing: /home/dxf/WHEELTEC_S300Pro_mini_ros2_robot_src_2025_9_15/src/robot_interfaces/install/robot_interfaces/include/robot_interfaces/robot_interfaces/msg/detail/supersonic__type_support.cpp
-- Installing: /home/dxf/WHEELTEC_S300Pro_mini_ros2_robot_src_2025_9_15/src/robot_interfaces/install/robot_interfaces/include/robot_interfaces/robot_interfaces/msg/detail/supersonic__rosidl_typesupport_introspection_cpp.hpp
-- Up-to-date: /home/dxf/WHEELTEC_S300Pro_mini_ros2_robot_src_2025_9_15/src/robot_interfaces/install/robot_interfaces/include/robot_interfaces/robot_interfaces/srv
-- Up-to-date: /home/dxf/WHEELTEC_S300Pro_mini_ros2_robot_src_2025_9_15/src/robot_interfaces/install/robot_interfaces/include/robot_interfaces/robot_interfaces/srv/detail
-- Installing: /home/dxf/WHEELTEC_S300Pro_mini_ros2_robot_src_2025_9_15/src/robot_interfaces/install/robot_interfaces/include/robot_interfaces/robot_interfaces/srv/detail/set_rgb__rosidl_typesupport_introspection_cpp.hpp
-- Installing: /home/dxf/WHEELTEC_S300Pro_mini_ros2_robot_src_2025_9_15/src/robot_interfaces/install/robot_interfaces/include/robot_interfaces/robot_interfaces/srv/detail/set_rgb__type_support.cpp
-- Installing: /home/dxf/WHEELTEC_S300Pro_mini_ros2_robot_src_2025_9_15/src/robot_interfaces/install/robot_interfaces/lib/librobot_interfaces__rosidl_typesupport_introspection_cpp.so
-- Set runtime path of "/home/dxf/WHEELTEC_S300Pro_mini_ros2_robot_src_2025_9_15/src/robot_interfaces/install/robot_interfaces/lib/librobot_interfaces__rosidl_typesupport_introspection_cpp.so" to ""
-- Installing: /home/dxf/WHEELTEC_S300Pro_mini_ros2_robot_src_2025_9_15/src/robot_interfaces/install/robot_interfaces/lib/librobot_interfaces__rosidl_typesupport_cpp.so
-- Set runtime path of "/home/dxf/WHEELTEC_S300Pro_mini_ros2_robot_src_2025_9_15/src/robot_interfaces/install/robot_interfaces/lib/librobot_interfaces__rosidl_typesupport_cpp.so" to ""
-- Installing: /home/dxf/WHEELTEC_S300Pro_mini_ros2_robot_src_2025_9_15/src/robot_interfaces/install/robot_interfaces/share/robot_interfaces/environment/pythonpath.sh
-- Installing: /home/dxf/WHEELTEC_S300Pro_mini_ros2_robot_src_2025_9_15/src/robot_interfaces/install/robot_interfaces/share/robot_interfaces/environment/pythonpath.dsv
-- Installing: /home/dxf/WHEELTEC_S300Pro_mini_ros2_robot_src_2025_9_15/src/robot_interfaces/install/robot_interfaces/local/lib/python3.10/dist-packages/robot_interfaces-0.0.0-py3.10.egg-info
-- Installing: /home/dxf/WHEELTEC_S300Pro_mini_ros2_robot_src_2025_9_15/src/robot_interfaces/install/robot_interfaces/local/lib/python3.10/dist-packages/robot_interfaces-0.0.0-py3.10.egg-info/dependency_links.txt
-- Installing: /home/dxf/WHEELTEC_S300Pro_mini_ros2_robot_src_2025_9_15/src/robot_interfaces/install/robot_interfaces/local/lib/python3.10/dist-packages/robot_interfaces-0.0.0-py3.10.egg-info/PKG-INFO
-- Installing: /home/dxf/WHEELTEC_S300Pro_mini_ros2_robot_src_2025_9_15/src/robot_interfaces/install/robot_interfaces/local/lib/python3.10/dist-packages/robot_interfaces-0.0.0-py3.10.egg-info/top_level.txt
-- Installing: /home/dxf/WHEELTEC_S300Pro_mini_ros2_robot_src_2025_9_15/src/robot_interfaces/install/robot_interfaces/local/lib/python3.10/dist-packages/robot_interfaces-0.0.0-py3.10.egg-info/SOURCES.txt
-- Installing: /home/dxf/WHEELTEC_S300Pro_mini_ros2_robot_src_2025_9_15/src/robot_interfaces/install/robot_interfaces/local/lib/python3.10/dist-packages/robot_interfaces
-- Installing: /home/dxf/WHEELTEC_S300Pro_mini_ros2_robot_src_2025_9_15/src/robot_interfaces/install/robot_interfaces/local/lib/python3.10/dist-packages/robot_interfaces/librobot_interfaces__rosidl_generator_py.so
-- Installing: /home/dxf/WHEELTEC_S300Pro_mini_ros2_robot_src_2025_9_15/src/robot_interfaces/install/robot_interfaces/local/lib/python3.10/dist-packages/robot_interfaces/__init__.py
-- Installing: /home/dxf/WHEELTEC_S300Pro_mini_ros2_robot_src_2025_9_15/src/robot_interfaces/install/robot_interfaces/local/lib/python3.10/dist-packages/robot_interfaces/robot_interfaces_s__rosidl_typesupport_fastrtps_c.cpython-310-aarch64-linux-gnu.so
-- Installing: /home/dxf/WHEELTEC_S300Pro_mini_ros2_robot_src_2025_9_15/src/robot_interfaces/install/robot_interfaces/local/lib/python3.10/dist-packages/robot_interfaces/_robot_interfaces_s.ep.rosidl_typesupport_c.c
-- Installing: /home/dxf/WHEELTEC_S300Pro_mini_ros2_robot_src_2025_9_15/src/robot_interfaces/install/robot_interfaces/local/lib/python3.10/dist-packages/robot_interfaces/robot_interfaces_s__rosidl_typesupport_c.cpython-310-aarch64-linux-gnu.so
-- Installing: /home/dxf/WHEELTEC_S300Pro_mini_ros2_robot_src_2025_9_15/src/robot_interfaces/install/robot_interfaces/local/lib/python3.10/dist-packages/robot_interfaces/msg
-- Installing: /home/dxf/WHEELTEC_S300Pro_mini_ros2_robot_src_2025_9_15/src/robot_interfaces/install/robot_interfaces/local/lib/python3.10/dist-packages/robot_interfaces/msg/__init__.py
-- Installing: /home/dxf/WHEELTEC_S300Pro_mini_ros2_robot_src_2025_9_15/src/robot_interfaces/install/robot_interfaces/local/lib/python3.10/dist-packages/robot_interfaces/msg/_supersonic_s.c
-- Installing: /home/dxf/WHEELTEC_S300Pro_mini_ros2_robot_src_2025_9_15/src/robot_interfaces/install/robot_interfaces/local/lib/python3.10/dist-packages/robot_interfaces/msg/_supersonic.py
-- Installing: /home/dxf/WHEELTEC_S300Pro_mini_ros2_robot_src_2025_9_15/src/robot_interfaces/install/robot_interfaces/local/lib/python3.10/dist-packages/robot_interfaces/robot_interfaces_s__rosidl_typesupport_introspection_c.cpython-310-aarch64-linux-gnu.so
-- Installing: /home/dxf/WHEELTEC_S300Pro_mini_ros2_robot_src_2025_9_15/src/robot_interfaces/install/robot_interfaces/local/lib/python3.10/dist-packages/robot_interfaces/_robot_interfaces_s.ep.rosidl_typesupport_introspection_c.c
-- Installing: /home/dxf/WHEELTEC_S300Pro_mini_ros2_robot_src_2025_9_15/src/robot_interfaces/install/robot_interfaces/local/lib/python3.10/dist-packages/robot_interfaces/srv
-- Installing: /home/dxf/WHEELTEC_S300Pro_mini_ros2_robot_src_2025_9_15/src/robot_interfaces/install/robot_interfaces/local/lib/python3.10/dist-packages/robot_interfaces/srv/_set_rgb_s.c
-- Installing: /home/dxf/WHEELTEC_S300Pro_mini_ros2_robot_src_2025_9_15/src/robot_interfaces/install/robot_interfaces/local/lib/python3.10/dist-packages/robot_interfaces/srv/_set_rgb.py
-- Installing: /home/dxf/WHEELTEC_S300Pro_mini_ros2_robot_src_2025_9_15/src/robot_interfaces/install/robot_interfaces/local/lib/python3.10/dist-packages/robot_interfaces/srv/__init__.py
-- Installing: /home/dxf/WHEELTEC_S300Pro_mini_ros2_robot_src_2025_9_15/src/robot_interfaces/install/robot_interfaces/local/lib/python3.10/dist-packages/robot_interfaces/_robot_interfaces_s.ep.rosidl_typesupport_fastrtps_c.c
Listing '/home/dxf/WHEELTEC_S300Pro_mini_ros2_robot_src_2025_9_15/src/robot_interfaces/install/robot_interfaces/local/lib/python3.10/dist-packages/robot_interfaces'...
Compiling '/home/dxf/WHEELTEC_S300Pro_mini_ros2_robot_src_2025_9_15/src/robot_interfaces/install/robot_interfaces/local/lib/python3.10/dist-packages/robot_interfaces/__init__.py'...
Listing '/home/dxf/WHEELTEC_S300Pro_mini_ros2_robot_src_2025_9_15/src/robot_interfaces/install/robot_interfaces/local/lib/python3.10/dist-packages/robot_interfaces/msg'...
Compiling '/home/dxf/WHEELTEC_S300Pro_mini_ros2_robot_src_2025_9_15/src/robot_interfaces/install/robot_interfaces/local/lib/python3.10/dist-packages/robot_interfaces/msg/__init__.py'...
Compiling '/home/dxf/WHEELTEC_S300Pro_mini_ros2_robot_src_2025_9_15/src/robot_interfaces/install/robot_interfaces/local/lib/python3.10/dist-packages/robot_interfaces/msg/_supersonic.py'...
Listing '/home/dxf/WHEELTEC_S300Pro_mini_ros2_robot_src_2025_9_15/src/robot_interfaces/install/robot_interfaces/local/lib/python3.10/dist-packages/robot_interfaces/srv'...
Compiling '/home/dxf/WHEELTEC_S300Pro_mini_ros2_robot_src_2025_9_15/src/robot_interfaces/install/robot_interfaces/local/lib/python3.10/dist-packages/robot_interfaces/srv/__init__.py'...
Compiling '/home/dxf/WHEELTEC_S300Pro_mini_ros2_robot_src_2025_9_15/src/robot_interfaces/install/robot_interfaces/local/lib/python3.10/dist-packages/robot_interfaces/srv/_set_rgb.py'...
-- Installing: /home/dxf/WHEELTEC_S300Pro_mini_ros2_robot_src_2025_9_15/src/robot_interfaces/install/robot_interfaces/local/lib/python3.10/dist-packages/robot_interfaces/robot_interfaces_s__rosidl_typesupport_fastrtps_c.cpython-310-aarch64-linux-gnu.so
-- Set runtime path of "/home/dxf/WHEELTEC_S300Pro_mini_ros2_robot_src_2025_9_15/src/robot_interfaces/install/robot_interfaces/local/lib/python3.10/dist-packages/robot_interfaces/robot_interfaces_s__rosidl_typesupport_fastrtps_c.cpython-310-aarch64-linux-gnu.so" to ""
-- Installing: /home/dxf/WHEELTEC_S300Pro_mini_ros2_robot_src_2025_9_15/src/robot_interfaces/install/robot_interfaces/local/lib/python3.10/dist-packages/robot_interfaces/robot_interfaces_s__rosidl_typesupport_introspection_c.cpython-310-aarch64-linux-gnu.so
-- Set runtime path of "/home/dxf/WHEELTEC_S300Pro_mini_ros2_robot_src_2025_9_15/src/robot_interfaces/install/robot_interfaces/local/lib/python3.10/dist-packages/robot_interfaces/robot_interfaces_s__rosidl_typesupport_introspection_c.cpython-310-aarch64-linux-gnu.so" to ""
-- Installing: /home/dxf/WHEELTEC_S300Pro_mini_ros2_robot_src_2025_9_15/src/robot_interfaces/install/robot_interfaces/local/lib/python3.10/dist-packages/robot_interfaces/robot_interfaces_s__rosidl_typesupport_c.cpython-310-aarch64-linux-gnu.so
-- Set runtime path of "/home/dxf/WHEELTEC_S300Pro_mini_ros2_robot_src_2025_9_15/src/robot_interfaces/install/robot_interfaces/local/lib/python3.10/dist-packages/robot_interfaces/robot_interfaces_s__rosidl_typesupport_c.cpython-310-aarch64-linux-gnu.so" to ""
-- Installing: /home/dxf/WHEELTEC_S300Pro_mini_ros2_robot_src_2025_9_15/src/robot_interfaces/install/robot_interfaces/lib/librobot_interfaces__rosidl_generator_py.so
-- Set runtime path of "/home/dxf/WHEELTEC_S300Pro_mini_ros2_robot_src_2025_9_15/src/robot_interfaces/install/robot_interfaces/lib/librobot_interfaces__rosidl_generator_py.so" to ""
-- Installing: /home/dxf/WHEELTEC_S300Pro_mini_ros2_robot_src_2025_9_15/src/robot_interfaces/install/robot_interfaces/share/robot_interfaces/msg/Supersonic.idl
-- Installing: /home/dxf/WHEELTEC_S300Pro_mini_ros2_robot_src_2025_9_15/src/robot_interfaces/install/robot_interfaces/share/robot_interfaces/srv/SetRgb.idl
-- Installing: /home/dxf/WHEELTEC_S300Pro_mini_ros2_robot_src_2025_9_15/src/robot_interfaces/install/robot_interfaces/share/robot_interfaces/msg/Supersonic.msg
-- Installing: /home/dxf/WHEELTEC_S300Pro_mini_ros2_robot_src_2025_9_15/src/robot_interfaces/install/robot_interfaces/share/robot_interfaces/srv/SetRgb.srv
-- Installing: /home/dxf/WHEELTEC_S300Pro_mini_ros2_robot_src_2025_9_15/src/robot_interfaces/install/robot_interfaces/share/robot_interfaces/srv/SetRgb_Request.msg
-- Installing: /home/dxf/WHEELTEC_S300Pro_mini_ros2_robot_src_2025_9_15/src/robot_interfaces/install/robot_interfaces/share/robot_interfaces/srv/SetRgb_Response.msg
-- Installing: /home/dxf/WHEELTEC_S300Pro_mini_ros2_robot_src_2025_9_15/src/robot_interfaces/install/robot_interfaces/share/ament_index/resource_index/package_run_dependencies/robot_interfaces
-- Installing: /home/dxf/WHEELTEC_S300Pro_mini_ros2_robot_src_2025_9_15/src/robot_interfaces/install/robot_interfaces/share/ament_index/resource_index/parent_prefix_path/robot_interfaces
-- Installing: /home/dxf/WHEELTEC_S300Pro_mini_ros2_robot_src_2025_9_15/src/robot_interfaces/install/robot_interfaces/share/robot_interfaces/environment/ament_prefix_path.sh
-- Installing: /home/dxf/WHEELTEC_S300Pro_mini_ros2_robot_src_2025_9_15/src/robot_interfaces/install/robot_interfaces/share/robot_interfaces/environment/ament_prefix_path.dsv
-- Installing: /home/dxf/WHEELTEC_S300Pro_mini_ros2_robot_src_2025_9_15/src/robot_interfaces/install/robot_interfaces/share/robot_interfaces/environment/path.sh
-- Installing: /home/dxf/WHEELTEC_S300Pro_mini_ros2_robot_src_2025_9_15/src/robot_interfaces/install/robot_interfaces/share/robot_interfaces/environment/path.dsv
-- Installing: /home/dxf/WHEELTEC_S300Pro_mini_ros2_robot_src_2025_9_15/src/robot_interfaces/install/robot_interfaces/share/robot_interfaces/local_setup.bash
-- Installing: /home/dxf/WHEELTEC_S300Pro_mini_ros2_robot_src_2025_9_15/src/robot_interfaces/install/robot_interfaces/share/robot_interfaces/local_setup.sh
-- Installing: /home/dxf/WHEELTEC_S300Pro_mini_ros2_robot_src_2025_9_15/src/robot_interfaces/install/robot_interfaces/share/robot_interfaces/local_setup.zsh
-- Installing: /home/dxf/WHEELTEC_S300Pro_mini_ros2_robot_src_2025_9_15/src/robot_interfaces/install/robot_interfaces/share/robot_interfaces/local_setup.dsv
-- Installing: /home/dxf/WHEELTEC_S300Pro_mini_ros2_robot_src_2025_9_15/src/robot_interfaces/install/robot_interfaces/share/robot_interfaces/package.dsv
-- Installing: /home/dxf/WHEELTEC_S300Pro_mini_ros2_robot_src_2025_9_15/src/robot_interfaces/install/robot_interfaces/share/ament_index/resource_index/packages/robot_interfaces
-- Installing: /home/dxf/WHEELTEC_S300Pro_mini_ros2_robot_src_2025_9_15/src/robot_interfaces/install/robot_interfaces/share/robot_interfaces/cmake/export_robot_interfaces__rosidl_generator_cExport.cmake
-- Installing: /home/dxf/WHEELTEC_S300Pro_mini_ros2_robot_src_2025_9_15/src/robot_interfaces/install/robot_interfaces/share/robot_interfaces/cmake/export_robot_interfaces__rosidl_generator_cExport-noconfig.cmake
-- Installing: /home/dxf/WHEELTEC_S300Pro_mini_ros2_robot_src_2025_9_15/src/robot_interfaces/install/robot_interfaces/share/robot_interfaces/cmake/export_robot_interfaces__rosidl_typesupport_fastrtps_cExport.cmake
-- Installing: /home/dxf/WHEELTEC_S300Pro_mini_ros2_robot_src_2025_9_15/src/robot_interfaces/install/robot_interfaces/share/robot_interfaces/cmake/export_robot_interfaces__rosidl_typesupport_fastrtps_cExport-noconfig.cmake
-- Installing: /home/dxf/WHEELTEC_S300Pro_mini_ros2_robot_src_2025_9_15/src/robot_interfaces/install/robot_interfaces/share/robot_interfaces/cmake/robot_interfaces__rosidl_typesupport_introspection_cExport.cmake
-- Installing: /home/dxf/WHEELTEC_S300Pro_mini_ros2_robot_src_2025_9_15/src/robot_interfaces/install/robot_interfaces/share/robot_interfaces/cmake/robot_interfaces__rosidl_typesupport_introspection_cExport-noconfig.cmake
-- Installing: /home/dxf/WHEELTEC_S300Pro_mini_ros2_robot_src_2025_9_15/src/robot_interfaces/install/robot_interfaces/share/robot_interfaces/cmake/robot_interfaces__rosidl_typesupport_cExport.cmake
-- Installing: /home/dxf/WHEELTEC_S300Pro_mini_ros2_robot_src_2025_9_15/src/robot_interfaces/install/robot_interfaces/share/robot_interfaces/cmake/robot_interfaces__rosidl_typesupport_cExport-noconfig.cmake
-- Installing: /home/dxf/WHEELTEC_S300Pro_mini_ros2_robot_src_2025_9_15/src/robot_interfaces/install/robot_interfaces/share/robot_interfaces/cmake/export_robot_interfaces__rosidl_generator_cppExport.cmake
-- Installing: /home/dxf/WHEELTEC_S300Pro_mini_ros2_robot_src_2025_9_15/src/robot_interfaces/install/robot_interfaces/share/robot_interfaces/cmake/export_robot_interfaces__rosidl_typesupport_fastrtps_cppExport.cmake
-- Installing: /home/dxf/WHEELTEC_S300Pro_mini_ros2_robot_src_2025_9_15/src/robot_interfaces/install/robot_interfaces/share/robot_interfaces/cmake/export_robot_interfaces__rosidl_typesupport_fastrtps_cppExport-noconfig.cmake
-- Installing: /home/dxf/WHEELTEC_S300Pro_mini_ros2_robot_src_2025_9_15/src/robot_interfaces/install/robot_interfaces/share/robot_interfaces/cmake/robot_interfaces__rosidl_typesupport_introspection_cppExport.cmake
-- Installing: /home/dxf/WHEELTEC_S300Pro_mini_ros2_robot_src_2025_9_15/src/robot_interfaces/install/robot_interfaces/share/robot_interfaces/cmake/robot_interfaces__rosidl_typesupport_introspection_cppExport-noconfig.cmake
-- Installing: /home/dxf/WHEELTEC_S300Pro_mini_ros2_robot_src_2025_9_15/src/robot_interfaces/install/robot_interfaces/share/robot_interfaces/cmake/robot_interfaces__rosidl_typesupport_cppExport.cmake
-- Installing: /home/dxf/WHEELTEC_S300Pro_mini_ros2_robot_src_2025_9_15/src/robot_interfaces/install/robot_interfaces/share/robot_interfaces/cmake/robot_interfaces__rosidl_typesupport_cppExport-noconfig.cmake
-- Installing: /home/dxf/WHEELTEC_S300Pro_mini_ros2_robot_src_2025_9_15/src/robot_interfaces/install/robot_interfaces/share/robot_interfaces/cmake/export_robot_interfaces__rosidl_generator_pyExport.cmake
-- Installing: /home/dxf/WHEELTEC_S300Pro_mini_ros2_robot_src_2025_9_15/src/robot_interfaces/install/robot_interfaces/share/robot_interfaces/cmake/export_robot_interfaces__rosidl_generator_pyExport-noconfig.cmake
-- Installing: /home/dxf/WHEELTEC_S300Pro_mini_ros2_robot_src_2025_9_15/src/robot_interfaces/install/robot_interfaces/share/robot_interfaces/cmake/rosidl_cmake-extras.cmake
-- Installing: /home/dxf/WHEELTEC_S300Pro_mini_ros2_robot_src_2025_9_15/src/robot_interfaces/install/robot_interfaces/share/robot_interfaces/cmake/ament_cmake_export_dependencies-extras.cmake
-- Installing: /home/dxf/WHEELTEC_S300Pro_mini_ros2_robot_src_2025_9_15/src/robot_interfaces/install/robot_interfaces/share/robot_interfaces/cmake/ament_cmake_export_include_directories-extras.cmake
-- Installing: /home/dxf/WHEELTEC_S300Pro_mini_ros2_robot_src_2025_9_15/src/robot_interfaces/install/robot_interfaces/share/robot_interfaces/cmake/ament_cmake_export_libraries-extras.cmake
-- Installing: /home/dxf/WHEELTEC_S300Pro_mini_ros2_robot_src_2025_9_15/src/robot_interfaces/install/robot_interfaces/share/robot_interfaces/cmake/ament_cmake_export_targets-extras.cmake
-- Installing: /home/dxf/WHEELTEC_S300Pro_mini_ros2_robot_src_2025_9_15/src/robot_interfaces/install/robot_interfaces/share/robot_interfaces/cmake/rosidl_cmake_export_typesupport_targets-extras.cmake
-- Installing: /home/dxf/WHEELTEC_S300Pro_mini_ros2_robot_src_2025_9_15/src/robot_interfaces/install/robot_interfaces/share/robot_interfaces/cmake/rosidl_cmake_export_typesupport_libraries-extras.cmake
-- Installing: /home/dxf/WHEELTEC_S300Pro_mini_ros2_robot_src_2025_9_15/src/robot_interfaces/install/robot_interfaces/share/robot_interfaces/cmake/robot_interfacesConfig.cmake
-- Installing: /home/dxf/WHEELTEC_S300Pro_mini_ros2_robot_src_2025_9_15/src/robot_interfaces/install/robot_interfaces/share/robot_interfaces/cmake/robot_interfacesConfig-version.cmake
-- Installing: /home/dxf/WHEELTEC_S300Pro_mini_ros2_robot_src_2025_9_15/src/robot_interfaces/install/robot_interfaces/share/robot_interfaces/package.xml
