[0.384s] DEBUG:colcon:Command line arguments: ['/usr/bin/colcon', 'build']
[0.384s] DEBUG:colcon:Parsed command line arguments: Namespace(log_base=None, log_level=None, verb_name='build', build_base='build', install_base='install', merge_install=False, symlink_install=False, test_result_base=None, continue_on_error=False, executor='parallel', parallel_workers=6, event_handlers=None, ignore_user_meta=False, metas=['./colcon.meta'], base_paths=['.'], packages_ignore=None, packages_ignore_regex=None, paths=None, packages_up_to=None, packages_up_to_regex=None, packages_above=None, packages_above_and_dependencies=None, packages_above_depth=None, packages_select_by_dep=None, packages_skip_by_dep=None, packages_skip_up_to=None, packages_select_build_failed=False, packages_skip_build_finished=False, packages_select_test_failures=False, packages_skip_test_passed=False, packages_select=None, packages_skip=None, packages_select_regex=None, packages_skip_regex=None, packages_start=None, packages_end=None, allow_overriding=[], cmake_args=None, cmake_target=None, cmake_target_skip_unavailable=False, cmake_clean_cache=False, cmake_clean_first=False, cmake_force_configure=False, ament_cmake_args=None, catkin_cmake_args=None, catkin_skip_building_tests=False, verb_parser=<colcon_defaults.argument_parser.defaults.DefaultArgumentsDecorator object at 0xffff7eec75e0>, verb_extension=<colcon_core.verb.build.BuildVerb object at 0xffff7eec70d0>, main=<bound method BuildVerb.main of <colcon_core.verb.build.BuildVerb object at 0xffff7eec70d0>>)
[0.832s] Level 1:colcon.colcon_core.package_discovery:discover_packages(colcon_meta) check parameters
[0.832s] Level 1:colcon.colcon_core.package_discovery:discover_packages(recursive) check parameters
[0.832s] Level 1:colcon.colcon_core.package_discovery:discover_packages(ignore) check parameters
[0.832s] Level 1:colcon.colcon_core.package_discovery:discover_packages(path) check parameters
[0.832s] Level 1:colcon.colcon_core.package_discovery:discover_packages(colcon_meta) discover
[0.832s] Level 1:colcon.colcon_core.package_discovery:discover_packages(recursive) discover
[0.833s] INFO:colcon.colcon_core.package_discovery:Crawling recursively for packages in '/home/dxf/WHEELTEC_S300Pro_mini_ros2_robot_src_2025_9_15/src/robot_interfaces'
[0.833s] Level 1:colcon.colcon_core.package_identification:_identify(.) by extensions ['ignore', 'ignore_ament_install']
[0.833s] Level 1:colcon.colcon_core.package_identification:_identify(.) by extension 'ignore'
[0.833s] Level 1:colcon.colcon_core.package_identification:_identify(.) by extension 'ignore_ament_install'
[0.833s] Level 1:colcon.colcon_core.package_identification:_identify(.) by extensions ['colcon_pkg']
[0.833s] Level 1:colcon.colcon_core.package_identification:_identify(.) by extension 'colcon_pkg'
[0.833s] Level 1:colcon.colcon_core.package_identification:_identify(.) by extensions ['colcon_meta']
[0.834s] Level 1:colcon.colcon_core.package_identification:_identify(.) by extension 'colcon_meta'
[0.834s] Level 1:colcon.colcon_core.package_identification:_identify(.) by extensions ['ros']
[0.834s] Level 1:colcon.colcon_core.package_identification:_identify(.) by extension 'ros'
[0.867s] DEBUG:colcon.colcon_core.package_identification:Package '.' with type 'ros.ament_cmake' and name 'robot_interfaces'
[0.867s] Level 1:colcon.colcon_core.package_discovery:discover_packages(recursive) using defaults
[0.868s] Level 1:colcon.colcon_core.package_discovery:discover_packages(ignore) discover
[0.868s] Level 1:colcon.colcon_core.package_discovery:discover_packages(ignore) using defaults
[0.868s] Level 1:colcon.colcon_core.package_discovery:discover_packages(path) discover
[0.868s] Level 1:colcon.colcon_core.package_discovery:discover_packages(path) using defaults
[0.918s] Level 1:colcon.colcon_core.package_discovery:discover_packages(prefix_path) check parameters
[0.918s] Level 1:colcon.colcon_core.package_discovery:discover_packages(prefix_path) discover
[0.925s] DEBUG:colcon.colcon_installed_package_information.package_discovery:Found 365 installed packages in /opt/ros/humble
[0.958s] Level 1:colcon.colcon_core.package_discovery:discover_packages(prefix_path) using defaults
[1.110s] Level 5:colcon.colcon_core.verb:set package 'robot_interfaces' build argument 'cmake_args' from command line to 'None'
[1.110s] Level 5:colcon.colcon_core.verb:set package 'robot_interfaces' build argument 'cmake_target' from command line to 'None'
[1.110s] Level 5:colcon.colcon_core.verb:set package 'robot_interfaces' build argument 'cmake_target_skip_unavailable' from command line to 'False'
[1.110s] Level 5:colcon.colcon_core.verb:set package 'robot_interfaces' build argument 'cmake_clean_cache' from command line to 'False'
[1.110s] Level 5:colcon.colcon_core.verb:set package 'robot_interfaces' build argument 'cmake_clean_first' from command line to 'False'
[1.110s] Level 5:colcon.colcon_core.verb:set package 'robot_interfaces' build argument 'cmake_force_configure' from command line to 'False'
[1.110s] Level 5:colcon.colcon_core.verb:set package 'robot_interfaces' build argument 'ament_cmake_args' from command line to 'None'
[1.110s] Level 5:colcon.colcon_core.verb:set package 'robot_interfaces' build argument 'catkin_cmake_args' from command line to 'None'
[1.110s] Level 5:colcon.colcon_core.verb:set package 'robot_interfaces' build argument 'catkin_skip_building_tests' from command line to 'False'
[1.110s] DEBUG:colcon.colcon_core.verb:Building package 'robot_interfaces' with the following arguments: {'ament_cmake_args': None, 'build_base': '/home/dxf/WHEELTEC_S300Pro_mini_ros2_robot_src_2025_9_15/src/robot_interfaces/build/robot_interfaces', 'catkin_cmake_args': None, 'catkin_skip_building_tests': False, 'cmake_args': None, 'cmake_clean_cache': False, 'cmake_clean_first': False, 'cmake_force_configure': False, 'cmake_target': None, 'cmake_target_skip_unavailable': False, 'install_base': '/home/dxf/WHEELTEC_S300Pro_mini_ros2_robot_src_2025_9_15/src/robot_interfaces/install/robot_interfaces', 'merge_install': False, 'path': '/home/dxf/WHEELTEC_S300Pro_mini_ros2_robot_src_2025_9_15/src/robot_interfaces', 'symlink_install': False, 'test_result_base': None}
[1.111s] INFO:colcon.colcon_core.executor:Executing jobs using 'parallel' executor
[1.113s] DEBUG:colcon.colcon_parallel_executor.executor.parallel:run_until_complete
[1.114s] INFO:colcon.colcon_ros.task.ament_cmake.build:Building ROS package in '/home/dxf/WHEELTEC_S300Pro_mini_ros2_robot_src_2025_9_15/src/robot_interfaces' with build type 'ament_cmake'
[1.114s] INFO:colcon.colcon_cmake.task.cmake.build:Building CMake package in '/home/dxf/WHEELTEC_S300Pro_mini_ros2_robot_src_2025_9_15/src/robot_interfaces'
[1.120s] INFO:colcon.colcon_core.plugin_system:Skipping extension 'colcon_core.shell.bat': Not used on non-Windows systems
[1.121s] INFO:colcon.colcon_core.shell:Skip shell extension 'powershell' for command environment: Not usable outside of PowerShell
[1.121s] DEBUG:colcon.colcon_core.shell:Skip shell extension 'dsv' for command environment
[1.135s] DEBUG:colcon.colcon_core.event_handler.log_command:Invoking command in '/home/dxf/WHEELTEC_S300Pro_mini_ros2_robot_src_2025_9_15/src/robot_interfaces/build/robot_interfaces': CMAKE_PREFIX_PATH=/opt/ros/humble /usr/bin/cmake /home/dxf/WHEELTEC_S300Pro_mini_ros2_robot_src_2025_9_15/src/robot_interfaces -DCMAKE_INSTALL_PREFIX=/home/dxf/WHEELTEC_S300Pro_mini_ros2_robot_src_2025_9_15/src/robot_interfaces/install/robot_interfaces
[5.367s] DEBUG:colcon.colcon_core.event_handler.log_command:Invoked command in '/home/dxf/WHEELTEC_S300Pro_mini_ros2_robot_src_2025_9_15/src/robot_interfaces/build/robot_interfaces' returned '0': CMAKE_PREFIX_PATH=/opt/ros/humble /usr/bin/cmake /home/dxf/WHEELTEC_S300Pro_mini_ros2_robot_src_2025_9_15/src/robot_interfaces -DCMAKE_INSTALL_PREFIX=/home/dxf/WHEELTEC_S300Pro_mini_ros2_robot_src_2025_9_15/src/robot_interfaces/install/robot_interfaces
[5.373s] DEBUG:colcon.colcon_core.event_handler.log_command:Invoking command in '/home/dxf/WHEELTEC_S300Pro_mini_ros2_robot_src_2025_9_15/src/robot_interfaces/build/robot_interfaces': CMAKE_PREFIX_PATH=/opt/ros/humble /usr/bin/cmake --build /home/dxf/WHEELTEC_S300Pro_mini_ros2_robot_src_2025_9_15/src/robot_interfaces/build/robot_interfaces -- -j6 -l6
[11.075s] DEBUG:colcon.colcon_core.event_handler.log_command:Invoked command in '/home/dxf/WHEELTEC_S300Pro_mini_ros2_robot_src_2025_9_15/src/robot_interfaces/build/robot_interfaces' returned '0': CMAKE_PREFIX_PATH=/opt/ros/humble /usr/bin/cmake --build /home/dxf/WHEELTEC_S300Pro_mini_ros2_robot_src_2025_9_15/src/robot_interfaces/build/robot_interfaces -- -j6 -l6
[11.105s] DEBUG:colcon.colcon_core.event_handler.log_command:Invoking command in '/home/dxf/WHEELTEC_S300Pro_mini_ros2_robot_src_2025_9_15/src/robot_interfaces/build/robot_interfaces': CMAKE_PREFIX_PATH=/opt/ros/humble /usr/bin/cmake --install /home/dxf/WHEELTEC_S300Pro_mini_ros2_robot_src_2025_9_15/src/robot_interfaces/build/robot_interfaces
[11.286s] Level 1:colcon.colcon_core.environment:create_environment_scripts_only(robot_interfaces)
[11.288s] DEBUG:colcon.colcon_core.event_handler.log_command:Invoked command in '/home/dxf/WHEELTEC_S300Pro_mini_ros2_robot_src_2025_9_15/src/robot_interfaces/build/robot_interfaces' returned '0': CMAKE_PREFIX_PATH=/opt/ros/humble /usr/bin/cmake --install /home/dxf/WHEELTEC_S300Pro_mini_ros2_robot_src_2025_9_15/src/robot_interfaces/build/robot_interfaces
[11.300s] Level 1:colcon.colcon_core.environment:checking '/home/dxf/WHEELTEC_S300Pro_mini_ros2_robot_src_2025_9_15/src/robot_interfaces/install/robot_interfaces' for CMake module files
[11.301s] Level 1:colcon.colcon_core.environment:checking '/home/dxf/WHEELTEC_S300Pro_mini_ros2_robot_src_2025_9_15/src/robot_interfaces/install/robot_interfaces' for CMake config files
[11.303s] Level 1:colcon.colcon_core.shell:create_environment_hook('robot_interfaces', 'cmake_prefix_path')
[11.304s] INFO:colcon.colcon_core.shell:Creating environment hook '/home/dxf/WHEELTEC_S300Pro_mini_ros2_robot_src_2025_9_15/src/robot_interfaces/install/robot_interfaces/share/robot_interfaces/hook/cmake_prefix_path.ps1'
[11.307s] INFO:colcon.colcon_core.shell:Creating environment descriptor '/home/dxf/WHEELTEC_S300Pro_mini_ros2_robot_src_2025_9_15/src/robot_interfaces/install/robot_interfaces/share/robot_interfaces/hook/cmake_prefix_path.dsv'
[11.309s] INFO:colcon.colcon_core.shell:Creating environment hook '/home/dxf/WHEELTEC_S300Pro_mini_ros2_robot_src_2025_9_15/src/robot_interfaces/install/robot_interfaces/share/robot_interfaces/hook/cmake_prefix_path.sh'
[11.312s] Level 1:colcon.colcon_core.environment:checking '/home/dxf/WHEELTEC_S300Pro_mini_ros2_robot_src_2025_9_15/src/robot_interfaces/install/robot_interfaces/lib'
[11.313s] Level 1:colcon.colcon_core.shell:create_environment_hook('robot_interfaces', 'ld_library_path_lib')
[11.314s] INFO:colcon.colcon_core.shell:Creating environment hook '/home/dxf/WHEELTEC_S300Pro_mini_ros2_robot_src_2025_9_15/src/robot_interfaces/install/robot_interfaces/share/robot_interfaces/hook/ld_library_path_lib.ps1'
[11.315s] INFO:colcon.colcon_core.shell:Creating environment descriptor '/home/dxf/WHEELTEC_S300Pro_mini_ros2_robot_src_2025_9_15/src/robot_interfaces/install/robot_interfaces/share/robot_interfaces/hook/ld_library_path_lib.dsv'
[11.316s] INFO:colcon.colcon_core.shell:Creating environment hook '/home/dxf/WHEELTEC_S300Pro_mini_ros2_robot_src_2025_9_15/src/robot_interfaces/install/robot_interfaces/share/robot_interfaces/hook/ld_library_path_lib.sh'
[11.318s] Level 1:colcon.colcon_core.environment:checking '/home/dxf/WHEELTEC_S300Pro_mini_ros2_robot_src_2025_9_15/src/robot_interfaces/install/robot_interfaces/bin'
[11.318s] Level 1:colcon.colcon_core.environment:checking '/home/dxf/WHEELTEC_S300Pro_mini_ros2_robot_src_2025_9_15/src/robot_interfaces/install/robot_interfaces/lib/pkgconfig/robot_interfaces.pc'
[11.319s] Level 1:colcon.colcon_core.environment:checking '/home/dxf/WHEELTEC_S300Pro_mini_ros2_robot_src_2025_9_15/src/robot_interfaces/install/robot_interfaces/lib/python3.10/site-packages'
[11.320s] Level 1:colcon.colcon_core.environment:checking '/home/dxf/WHEELTEC_S300Pro_mini_ros2_robot_src_2025_9_15/src/robot_interfaces/install/robot_interfaces/bin'
[11.321s] INFO:colcon.colcon_core.shell:Creating package script '/home/dxf/WHEELTEC_S300Pro_mini_ros2_robot_src_2025_9_15/src/robot_interfaces/install/robot_interfaces/share/robot_interfaces/package.ps1'
[11.325s] INFO:colcon.colcon_core.shell:Creating package descriptor '/home/dxf/WHEELTEC_S300Pro_mini_ros2_robot_src_2025_9_15/src/robot_interfaces/install/robot_interfaces/share/robot_interfaces/package.dsv'
[11.327s] INFO:colcon.colcon_core.shell:Creating package script '/home/dxf/WHEELTEC_S300Pro_mini_ros2_robot_src_2025_9_15/src/robot_interfaces/install/robot_interfaces/share/robot_interfaces/package.sh'
[11.330s] INFO:colcon.colcon_core.shell:Creating package script '/home/dxf/WHEELTEC_S300Pro_mini_ros2_robot_src_2025_9_15/src/robot_interfaces/install/robot_interfaces/share/robot_interfaces/package.bash'
[11.333s] INFO:colcon.colcon_core.shell:Creating package script '/home/dxf/WHEELTEC_S300Pro_mini_ros2_robot_src_2025_9_15/src/robot_interfaces/install/robot_interfaces/share/robot_interfaces/package.zsh'
[11.336s] Level 1:colcon.colcon_core.environment:create_file_with_runtime_dependencies(/home/dxf/WHEELTEC_S300Pro_mini_ros2_robot_src_2025_9_15/src/robot_interfaces/install/robot_interfaces/share/colcon-core/packages/robot_interfaces)
[11.339s] Level 1:colcon.colcon_core.environment:create_environment_scripts_only(robot_interfaces)
[11.339s] Level 1:colcon.colcon_core.environment:checking '/home/dxf/WHEELTEC_S300Pro_mini_ros2_robot_src_2025_9_15/src/robot_interfaces/install/robot_interfaces' for CMake module files
[11.342s] Level 1:colcon.colcon_core.environment:checking '/home/dxf/WHEELTEC_S300Pro_mini_ros2_robot_src_2025_9_15/src/robot_interfaces/install/robot_interfaces' for CMake config files
[11.343s] Level 1:colcon.colcon_core.shell:create_environment_hook('robot_interfaces', 'cmake_prefix_path')
[11.344s] INFO:colcon.colcon_core.shell:Creating environment hook '/home/dxf/WHEELTEC_S300Pro_mini_ros2_robot_src_2025_9_15/src/robot_interfaces/install/robot_interfaces/share/robot_interfaces/hook/cmake_prefix_path.ps1'
[11.346s] INFO:colcon.colcon_core.shell:Creating environment descriptor '/home/dxf/WHEELTEC_S300Pro_mini_ros2_robot_src_2025_9_15/src/robot_interfaces/install/robot_interfaces/share/robot_interfaces/hook/cmake_prefix_path.dsv'
[11.347s] INFO:colcon.colcon_core.shell:Creating environment hook '/home/dxf/WHEELTEC_S300Pro_mini_ros2_robot_src_2025_9_15/src/robot_interfaces/install/robot_interfaces/share/robot_interfaces/hook/cmake_prefix_path.sh'
[11.349s] Level 1:colcon.colcon_core.environment:checking '/home/dxf/WHEELTEC_S300Pro_mini_ros2_robot_src_2025_9_15/src/robot_interfaces/install/robot_interfaces/lib'
[11.349s] Level 1:colcon.colcon_core.shell:create_environment_hook('robot_interfaces', 'ld_library_path_lib')
[11.350s] INFO:colcon.colcon_core.shell:Creating environment hook '/home/dxf/WHEELTEC_S300Pro_mini_ros2_robot_src_2025_9_15/src/robot_interfaces/install/robot_interfaces/share/robot_interfaces/hook/ld_library_path_lib.ps1'
[11.351s] INFO:colcon.colcon_core.shell:Creating environment descriptor '/home/dxf/WHEELTEC_S300Pro_mini_ros2_robot_src_2025_9_15/src/robot_interfaces/install/robot_interfaces/share/robot_interfaces/hook/ld_library_path_lib.dsv'
[11.352s] INFO:colcon.colcon_core.shell:Creating environment hook '/home/dxf/WHEELTEC_S300Pro_mini_ros2_robot_src_2025_9_15/src/robot_interfaces/install/robot_interfaces/share/robot_interfaces/hook/ld_library_path_lib.sh'
[11.353s] Level 1:colcon.colcon_core.environment:checking '/home/dxf/WHEELTEC_S300Pro_mini_ros2_robot_src_2025_9_15/src/robot_interfaces/install/robot_interfaces/bin'
[11.354s] Level 1:colcon.colcon_core.environment:checking '/home/dxf/WHEELTEC_S300Pro_mini_ros2_robot_src_2025_9_15/src/robot_interfaces/install/robot_interfaces/lib/pkgconfig/robot_interfaces.pc'
[11.354s] Level 1:colcon.colcon_core.environment:checking '/home/dxf/WHEELTEC_S300Pro_mini_ros2_robot_src_2025_9_15/src/robot_interfaces/install/robot_interfaces/lib/python3.10/site-packages'
[11.355s] Level 1:colcon.colcon_core.environment:checking '/home/dxf/WHEELTEC_S300Pro_mini_ros2_robot_src_2025_9_15/src/robot_interfaces/install/robot_interfaces/bin'
[11.356s] INFO:colcon.colcon_core.shell:Creating package script '/home/dxf/WHEELTEC_S300Pro_mini_ros2_robot_src_2025_9_15/src/robot_interfaces/install/robot_interfaces/share/robot_interfaces/package.ps1'
[11.358s] INFO:colcon.colcon_core.shell:Creating package descriptor '/home/dxf/WHEELTEC_S300Pro_mini_ros2_robot_src_2025_9_15/src/robot_interfaces/install/robot_interfaces/share/robot_interfaces/package.dsv'
[11.360s] INFO:colcon.colcon_core.shell:Creating package script '/home/dxf/WHEELTEC_S300Pro_mini_ros2_robot_src_2025_9_15/src/robot_interfaces/install/robot_interfaces/share/robot_interfaces/package.sh'
[11.361s] INFO:colcon.colcon_core.shell:Creating package script '/home/dxf/WHEELTEC_S300Pro_mini_ros2_robot_src_2025_9_15/src/robot_interfaces/install/robot_interfaces/share/robot_interfaces/package.bash'
[11.362s] INFO:colcon.colcon_core.shell:Creating package script '/home/dxf/WHEELTEC_S300Pro_mini_ros2_robot_src_2025_9_15/src/robot_interfaces/install/robot_interfaces/share/robot_interfaces/package.zsh'
[11.363s] Level 1:colcon.colcon_core.environment:create_file_with_runtime_dependencies(/home/dxf/WHEELTEC_S300Pro_mini_ros2_robot_src_2025_9_15/src/robot_interfaces/install/robot_interfaces/share/colcon-core/packages/robot_interfaces)
[11.364s] DEBUG:colcon.colcon_parallel_executor.executor.parallel:closing loop
[11.365s] DEBUG:colcon.colcon_parallel_executor.executor.parallel:loop closed
[11.365s] DEBUG:colcon.colcon_parallel_executor.executor.parallel:run_until_complete finished with '0'
[11.366s] DEBUG:colcon.colcon_core.event_reactor:joining thread
[11.389s] INFO:colcon.colcon_core.plugin_system:Skipping extension 'colcon_notification.desktop_notification.terminal_notifier': Not used on non-Darwin systems
[11.389s] INFO:colcon.colcon_core.plugin_system:Skipping extension 'colcon_notification.desktop_notification.win32': Not used on non-Windows systems
[11.389s] INFO:colcon.colcon_notification.desktop_notification:Sending desktop notification using 'notify2'
[11.447s] DEBUG:colcon.colcon_core.event_reactor:joined thread
[11.448s] INFO:colcon.colcon_core.shell:Creating prefix script '/home/dxf/WHEELTEC_S300Pro_mini_ros2_robot_src_2025_9_15/src/robot_interfaces/install/local_setup.ps1'
[11.451s] INFO:colcon.colcon_core.shell:Creating prefix util module '/home/dxf/WHEELTEC_S300Pro_mini_ros2_robot_src_2025_9_15/src/robot_interfaces/install/_local_setup_util_ps1.py'
[11.456s] INFO:colcon.colcon_core.shell:Creating prefix chain script '/home/dxf/WHEELTEC_S300Pro_mini_ros2_robot_src_2025_9_15/src/robot_interfaces/install/setup.ps1'
[11.458s] INFO:colcon.colcon_core.shell:Creating prefix script '/home/dxf/WHEELTEC_S300Pro_mini_ros2_robot_src_2025_9_15/src/robot_interfaces/install/local_setup.sh'
[11.461s] INFO:colcon.colcon_core.shell:Creating prefix util module '/home/dxf/WHEELTEC_S300Pro_mini_ros2_robot_src_2025_9_15/src/robot_interfaces/install/_local_setup_util_sh.py'
[11.462s] INFO:colcon.colcon_core.shell:Creating prefix chain script '/home/dxf/WHEELTEC_S300Pro_mini_ros2_robot_src_2025_9_15/src/robot_interfaces/install/setup.sh'
[11.465s] INFO:colcon.colcon_core.shell:Creating prefix script '/home/dxf/WHEELTEC_S300Pro_mini_ros2_robot_src_2025_9_15/src/robot_interfaces/install/local_setup.bash'
[11.466s] INFO:colcon.colcon_core.shell:Creating prefix chain script '/home/dxf/WHEELTEC_S300Pro_mini_ros2_robot_src_2025_9_15/src/robot_interfaces/install/setup.bash'
[11.468s] INFO:colcon.colcon_core.shell:Creating prefix script '/home/dxf/WHEELTEC_S300Pro_mini_ros2_robot_src_2025_9_15/src/robot_interfaces/install/local_setup.zsh'
[11.470s] INFO:colcon.colcon_core.shell:Creating prefix chain script '/home/dxf/WHEELTEC_S300Pro_mini_ros2_robot_src_2025_9_15/src/robot_interfaces/install/setup.zsh'
